../Core/Src/main.c:94:6:RFM98_Reset	8	static
../Core/Src/main.c:105:6:RFM98_Write	24	static
../Core/Src/main.c:131:9:RFM98_Read	24	static
../Core/Src/main.c:163:9:LoRa_Init	8	static
../Core/Src/main.c:222:6:LoRa_SendMessage	24	static
../Core/Src/main.c:269:5:main	16	static
../Core/Src/main.c:380:6:SystemClock_Config	88	static
../Core/Src/main.c:435:13:MX_SPI1_Init	8	static
../Core/Src/main.c:473:13:MX_GPIO_Init	40	static
../Core/Src/main.c:517:6:HAL_GPIO_EXTI_Callback	16	static
../Core/Src/main.c:542:6:Error_Handler	4	static,ignoring_inline_asm
