01:24:08 **** Build of configuration Debug for project spiLora ****
make -j16 all 
arm-none-eabi-gcc "../Drivers/STM32F4xx_HAL_Driver/Src/stm32f4xx_hal.c" -mcpu=cortex-m4 -std=gnu11 -g3 -DDEBUG -DUSE_HAL_DRIVER -DSTM32F446xx -c -I../Core/Inc -I../Drivers/STM32F4xx_HAL_Driver/Inc -I../Drivers/STM32F4xx_HAL_Driver/Inc/Legacy -I../Drivers/CMSIS/Device/ST/STM32F4xx/Include -I../Drivers/CMSIS/Include -O0 -ffunction-sections -fdata-sections -Wall -fstack-usage -fcyclomatic-complexity -MMD -MP -MF"Drivers/STM32F4xx_HAL_Driver/Src/stm32f4xx_hal.d" -MT"Drivers/STM32F4xx_HAL_Driver/Src/stm32f4xx_hal.o" --specs=nano.specs -mfpu=fpv4-sp-d16 -mfloat-abi=hard -mthumb -o "Drivers/STM32F4xx_HAL_Driver/Src/stm32f4xx_hal.o"
arm-none-eabi-gcc "../Drivers/STM32F4xx_HAL_Driver/Src/stm32f4xx_hal_cortex.c" -mcpu=cortex-m4 -std=gnu11 -g3 -DDEBUG -DUSE_HAL_DRIVER -DSTM32F446xx -c -I../Core/Inc -I../Drivers/STM32F4xx_HAL_Driver/Inc -I../Drivers/STM32F4xx_HAL_Driver/Inc/Legacy -I../Drivers/CMSIS/Device/ST/STM32F4xx/Include -I../Drivers/CMSIS/Include -O0 -ffunction-sections -fdata-sections -Wall -fstack-usage -fcyclomatic-complexity -MMD -MP -MF"Drivers/STM32F4xx_HAL_Driver/Src/stm32f4xx_hal_cortex.d" -MT"Drivers/STM32F4xx_HAL_Driver/Src/stm32f4xx_hal_cortex.o" --specs=nano.specs -mfpu=fpv4-sp-d16 -mfloat-abi=hard -mthumb -o "Drivers/STM32F4xx_HAL_Driver/Src/stm32f4xx_hal_cortex.o"
arm-none-eabi-gcc "../Drivers/STM32F4xx_HAL_Driver/Src/stm32f4xx_hal_dma.c" -mcpu=cortex-m4 -std=gnu11 -g3 -DDEBUG -DUSE_HAL_DRIVER -DSTM32F446xx -c -I../Core/Inc -I../Drivers/STM32F4xx_HAL_Driver/Inc -I../Drivers/STM32F4xx_HAL_Driver/Inc/Legacy -I../Drivers/CMSIS/Device/ST/STM32F4xx/Include -I../Drivers/CMSIS/Include -O0 -ffunction-sections -fdata-sections -Wall -fstack-usage -fcyclomatic-complexity -MMD -MP -MF"Drivers/STM32F4xx_HAL_Driver/Src/stm32f4xx_hal_dma.d" -MT"Drivers/STM32F4xx_HAL_Driver/Src/stm32f4xx_hal_dma.o" --specs=nano.specs -mfpu=fpv4-sp-d16 -mfloat-abi=hard -mthumb -o "Drivers/STM32F4xx_HAL_Driver/Src/stm32f4xx_hal_dma.o"
arm-none-eabi-gcc "../Drivers/STM32F4xx_HAL_Driver/Src/stm32f4xx_hal_dma_ex.c" -mcpu=cortex-m4 -std=gnu11 -g3 -DDEBUG -DUSE_HAL_DRIVER -DSTM32F446xx -c -I../Core/Inc -I../Drivers/STM32F4xx_HAL_Driver/Inc -I../Drivers/STM32F4xx_HAL_Driver/Inc/Legacy -I../Drivers/CMSIS/Device/ST/STM32F4xx/Include -I../Drivers/CMSIS/Include -O0 -ffunction-sections -fdata-sections -Wall -fstack-usage -fcyclomatic-complexity -MMD -MP -MF"Drivers/STM32F4xx_HAL_Driver/Src/stm32f4xx_hal_dma_ex.d" -MT"Drivers/STM32F4xx_HAL_Driver/Src/stm32f4xx_hal_dma_ex.o" --specs=nano.specs -mfpu=fpv4-sp-d16 -mfloat-abi=hard -mthumb -o "Drivers/STM32F4xx_HAL_Driver/Src/stm32f4xx_hal_dma_ex.o"
arm-none-eabi-gcc "../Drivers/STM32F4xx_HAL_Driver/Src/stm32f4xx_hal_exti.c" -mcpu=cortex-m4 -std=gnu11 -g3 -DDEBUG -DUSE_HAL_DRIVER -DSTM32F446xx -c -I../Core/Inc -I../Drivers/STM32F4xx_HAL_Driver/Inc -I../Drivers/STM32F4xx_HAL_Driver/Inc/Legacy -I../Drivers/CMSIS/Device/ST/STM32F4xx/Include -I../Drivers/CMSIS/Include -O0 -ffunction-sections -fdata-sections -Wall -fstack-usage -fcyclomatic-complexity -MMD -MP -MF"Drivers/STM32F4xx_HAL_Driver/Src/stm32f4xx_hal_exti.d" -MT"Drivers/STM32F4xx_HAL_Driver/Src/stm32f4xx_hal_exti.o" --specs=nano.specs -mfpu=fpv4-sp-d16 -mfloat-abi=hard -mthumb -o "Drivers/STM32F4xx_HAL_Driver/Src/stm32f4xx_hal_exti.o"
arm-none-eabi-gcc "../Drivers/STM32F4xx_HAL_Driver/Src/stm32f4xx_hal_flash.c" -mcpu=cortex-m4 -std=gnu11 -g3 -DDEBUG -DUSE_HAL_DRIVER -DSTM32F446xx -c -I../Core/Inc -I../Drivers/STM32F4xx_HAL_Driver/Inc -I../Drivers/STM32F4xx_HAL_Driver/Inc/Legacy -I../Drivers/CMSIS/Device/ST/STM32F4xx/Include -I../Drivers/CMSIS/Include -O0 -ffunction-sections -fdata-sections -Wall -fstack-usage -fcyclomatic-complexity -MMD -MP -MF"Drivers/STM32F4xx_HAL_Driver/Src/stm32f4xx_hal_flash.d" -MT"Drivers/STM32F4xx_HAL_Driver/Src/stm32f4xx_hal_flash.o" --specs=nano.specs -mfpu=fpv4-sp-d16 -mfloat-abi=hard -mthumb -o "Drivers/STM32F4xx_HAL_Driver/Src/stm32f4xx_hal_flash.o"
arm-none-eabi-gcc "../Drivers/STM32F4xx_HAL_Driver/Src/stm32f4xx_hal_flash_ex.c" -mcpu=cortex-m4 -std=gnu11 -g3 -DDEBUG -DUSE_HAL_DRIVER -DSTM32F446xx -c -I../Core/Inc -I../Drivers/STM32F4xx_HAL_Driver/Inc -I../Drivers/STM32F4xx_HAL_Driver/Inc/Legacy -I../Drivers/CMSIS/Device/ST/STM32F4xx/Include -I../Drivers/CMSIS/Include -O0 -ffunction-sections -fdata-sections -Wall -fstack-usage -fcyclomatic-complexity -MMD -MP -MF"Drivers/STM32F4xx_HAL_Driver/Src/stm32f4xx_hal_flash_ex.d" -MT"Drivers/STM32F4xx_HAL_Driver/Src/stm32f4xx_hal_flash_ex.o" --specs=nano.specs -mfpu=fpv4-sp-d16 -mfloat-abi=hard -mthumb -o "Drivers/STM32F4xx_HAL_Driver/Src/stm32f4xx_hal_flash_ex.o"
arm-none-eabi-gcc "../Drivers/STM32F4xx_HAL_Driver/Src/stm32f4xx_hal_flash_ramfunc.c" -mcpu=cortex-m4 -std=gnu11 -g3 -DDEBUG -DUSE_HAL_DRIVER -DSTM32F446xx -c -I../Core/Inc -I../Drivers/STM32F4xx_HAL_Driver/Inc -I../Drivers/STM32F4xx_HAL_Driver/Inc/Legacy -I../Drivers/CMSIS/Device/ST/STM32F4xx/Include -I../Drivers/CMSIS/Include -O0 -ffunction-sections -fdata-sections -Wall -fstack-usage -fcyclomatic-complexity -MMD -MP -MF"Drivers/STM32F4xx_HAL_Driver/Src/stm32f4xx_hal_flash_ramfunc.d" -MT"Drivers/STM32F4xx_HAL_Driver/Src/stm32f4xx_hal_flash_ramfunc.o" --specs=nano.specs -mfpu=fpv4-sp-d16 -mfloat-abi=hard -mthumb -o "Drivers/STM32F4xx_HAL_Driver/Src/stm32f4xx_hal_flash_ramfunc.o"
arm-none-eabi-gcc "../Drivers/STM32F4xx_HAL_Driver/Src/stm32f4xx_hal_gpio.c" -mcpu=cortex-m4 -std=gnu11 -g3 -DDEBUG -DUSE_HAL_DRIVER -DSTM32F446xx -c -I../Core/Inc -I../Drivers/STM32F4xx_HAL_Driver/Inc -I../Drivers/STM32F4xx_HAL_Driver/Inc/Legacy -I../Drivers/CMSIS/Device/ST/STM32F4xx/Include -I../Drivers/CMSIS/Include -O0 -ffunction-sections -fdata-sections -Wall -fstack-usage -fcyclomatic-complexity -MMD -MP -MF"Drivers/STM32F4xx_HAL_Driver/Src/stm32f4xx_hal_gpio.d" -MT"Drivers/STM32F4xx_HAL_Driver/Src/stm32f4xx_hal_gpio.o" --specs=nano.specs -mfpu=fpv4-sp-d16 -mfloat-abi=hard -mthumb -o "Drivers/STM32F4xx_HAL_Driver/Src/stm32f4xx_hal_gpio.o"
arm-none-eabi-gcc "../Drivers/STM32F4xx_HAL_Driver/Src/stm32f4xx_hal_pwr.c" -mcpu=cortex-m4 -std=gnu11 -g3 -DDEBUG -DUSE_HAL_DRIVER -DSTM32F446xx -c -I../Core/Inc -I../Drivers/STM32F4xx_HAL_Driver/Inc -I../Drivers/STM32F4xx_HAL_Driver/Inc/Legacy -I../Drivers/CMSIS/Device/ST/STM32F4xx/Include -I../Drivers/CMSIS/Include -O0 -ffunction-sections -fdata-sections -Wall -fstack-usage -fcyclomatic-complexity -MMD -MP -MF"Drivers/STM32F4xx_HAL_Driver/Src/stm32f4xx_hal_pwr.d" -MT"Drivers/STM32F4xx_HAL_Driver/Src/stm32f4xx_hal_pwr.o" --specs=nano.specs -mfpu=fpv4-sp-d16 -mfloat-abi=hard -mthumb -o "Drivers/STM32F4xx_HAL_Driver/Src/stm32f4xx_hal_pwr.o"
arm-none-eabi-gcc "../Drivers/STM32F4xx_HAL_Driver/Src/stm32f4xx_hal_pwr_ex.c" -mcpu=cortex-m4 -std=gnu11 -g3 -DDEBUG -DUSE_HAL_DRIVER -DSTM32F446xx -c -I../Core/Inc -I../Drivers/STM32F4xx_HAL_Driver/Inc -I../Drivers/STM32F4xx_HAL_Driver/Inc/Legacy -I../Drivers/CMSIS/Device/ST/STM32F4xx/Include -I../Drivers/CMSIS/Include -O0 -ffunction-sections -fdata-sections -Wall -fstack-usage -fcyclomatic-complexity -MMD -MP -MF"Drivers/STM32F4xx_HAL_Driver/Src/stm32f4xx_hal_pwr_ex.d" -MT"Drivers/STM32F4xx_HAL_Driver/Src/stm32f4xx_hal_pwr_ex.o" --specs=nano.specs -mfpu=fpv4-sp-d16 -mfloat-abi=hard -mthumb -o "Drivers/STM32F4xx_HAL_Driver/Src/stm32f4xx_hal_pwr_ex.o"
arm-none-eabi-gcc "../Drivers/STM32F4xx_HAL_Driver/Src/stm32f4xx_hal_rcc.c" -mcpu=cortex-m4 -std=gnu11 -g3 -DDEBUG -DUSE_HAL_DRIVER -DSTM32F446xx -c -I../Core/Inc -I../Drivers/STM32F4xx_HAL_Driver/Inc -I../Drivers/STM32F4xx_HAL_Driver/Inc/Legacy -I../Drivers/CMSIS/Device/ST/STM32F4xx/Include -I../Drivers/CMSIS/Include -O0 -ffunction-sections -fdata-sections -Wall -fstack-usage -fcyclomatic-complexity -MMD -MP -MF"Drivers/STM32F4xx_HAL_Driver/Src/stm32f4xx_hal_rcc.d" -MT"Drivers/STM32F4xx_HAL_Driver/Src/stm32f4xx_hal_rcc.o" --specs=nano.specs -mfpu=fpv4-sp-d16 -mfloat-abi=hard -mthumb -o "Drivers/STM32F4xx_HAL_Driver/Src/stm32f4xx_hal_rcc.o"
arm-none-eabi-gcc "../Drivers/STM32F4xx_HAL_Driver/Src/stm32f4xx_hal_rcc_ex.c" -mcpu=cortex-m4 -std=gnu11 -g3 -DDEBUG -DUSE_HAL_DRIVER -DSTM32F446xx -c -I../Core/Inc -I../Drivers/STM32F4xx_HAL_Driver/Inc -I../Drivers/STM32F4xx_HAL_Driver/Inc/Legacy -I../Drivers/CMSIS/Device/ST/STM32F4xx/Include -I../Drivers/CMSIS/Include -O0 -ffunction-sections -fdata-sections -Wall -fstack-usage -fcyclomatic-complexity -MMD -MP -MF"Drivers/STM32F4xx_HAL_Driver/Src/stm32f4xx_hal_rcc_ex.d" -MT"Drivers/STM32F4xx_HAL_Driver/Src/stm32f4xx_hal_rcc_ex.o" --specs=nano.specs -mfpu=fpv4-sp-d16 -mfloat-abi=hard -mthumb -o "Drivers/STM32F4xx_HAL_Driver/Src/stm32f4xx_hal_rcc_ex.o"
arm-none-eabi-gcc "../Drivers/STM32F4xx_HAL_Driver/Src/stm32f4xx_hal_spi.c" -mcpu=cortex-m4 -std=gnu11 -g3 -DDEBUG -DUSE_HAL_DRIVER -DSTM32F446xx -c -I../Core/Inc -I../Drivers/STM32F4xx_HAL_Driver/Inc -I../Drivers/STM32F4xx_HAL_Driver/Inc/Legacy -I../Drivers/CMSIS/Device/ST/STM32F4xx/Include -I../Drivers/CMSIS/Include -O0 -ffunction-sections -fdata-sections -Wall -fstack-usage -fcyclomatic-complexity -MMD -MP -MF"Drivers/STM32F4xx_HAL_Driver/Src/stm32f4xx_hal_spi.d" -MT"Drivers/STM32F4xx_HAL_Driver/Src/stm32f4xx_hal_spi.o" --specs=nano.specs -mfpu=fpv4-sp-d16 -mfloat-abi=hard -mthumb -o "Drivers/STM32F4xx_HAL_Driver/Src/stm32f4xx_hal_spi.o"
arm-none-eabi-gcc -mcpu=cortex-m4 -g3 -DDEBUG -c -x assembler-with-cpp -MMD -MP -MF"Core/Startup/startup_stm32f446retx.d" -MT"Core/Startup/startup_stm32f446retx.o" --specs=nano.specs -mfpu=fpv4-sp-d16 -mfloat-abi=hard -mthumb -o "Core/Startup/startup_stm32f446retx.o" "../Core/Startup/startup_stm32f446retx.s"
arm-none-eabi-gcc "../Core/Src/main.c" -mcpu=cortex-m4 -std=gnu11 -g3 -DDEBUG -DUSE_HAL_DRIVER -DSTM32F446xx -c -I../Core/Inc -I../Drivers/STM32F4xx_HAL_Driver/Inc -I../Drivers/STM32F4xx_HAL_Driver/Inc/Legacy -I../Drivers/CMSIS/Device/ST/STM32F4xx/Include -I../Drivers/CMSIS/Include -O0 -ffunction-sections -fdata-sections -Wall -fstack-usage -fcyclomatic-complexity -MMD -MP -MF"Core/Src/main.d" -MT"Core/Src/main.o" --specs=nano.specs -mfpu=fpv4-sp-d16 -mfloat-abi=hard -mthumb -o "Core/Src/main.o"
arm-none-eabi-gcc "../Core/Src/stm32f4xx_hal_msp.c" -mcpu=cortex-m4 -std=gnu11 -g3 -DDEBUG -DUSE_HAL_DRIVER -DSTM32F446xx -c -I../Core/Inc -I../Drivers/STM32F4xx_HAL_Driver/Inc -I../Drivers/STM32F4xx_HAL_Driver/Inc/Legacy -I../Drivers/CMSIS/Device/ST/STM32F4xx/Include -I../Drivers/CMSIS/Include -O0 -ffunction-sections -fdata-sections -Wall -fstack-usage -fcyclomatic-complexity -MMD -MP -MF"Core/Src/stm32f4xx_hal_msp.d" -MT"Core/Src/stm32f4xx_hal_msp.o" --specs=nano.specs -mfpu=fpv4-sp-d16 -mfloat-abi=hard -mthumb -o "Core/Src/stm32f4xx_hal_msp.o"
../Core/Src/main.c: In function 'main':
../Core/Src/main.c:224:15: error: redefinition of 'version'
  224 |       uint8_t version = RFM98_Read(REG_VERSION);
      |               ^~~~~~~
../Core/Src/main.c:206:13: note: previous definition of 'version' with type 'uint8_t' {aka 'unsigned char'}
  206 |     uint8_t version = RFM98_Read(REG_VERSION);
      |             ^~~~~~~
../Core/Src/main.c:234:30: error: 'DEBUG_LED_GPIO_Port' undeclared (first use in this function)
  234 |           HAL_GPIO_TogglePin(DEBUG_LED_GPIO_Port, DEBUG_LED_Pin);
      |                              ^~~~~~~~~~~~~~~~~~~
../Core/Src/main.c:234:30: note: each undeclared identifier is reported only once for each function it appears in
../Core/Src/main.c:234:51: error: 'DEBUG_LED_Pin' undeclared (first use in this function)
  234 |           HAL_GPIO_TogglePin(DEBUG_LED_GPIO_Port, DEBUG_LED_Pin);
      |                                                   ^~~~~~~~~~~~~
make: *** [Core/Src/subdir.mk:34: Core/Src/main.o] Error 1
make: *** Waiting for unfinished jobs....
"make -j16 all" terminated with exit code 2. Build might be incomplete.
01:24:27 **** Incremental Build of configuration Debug for project spiLora ****
make -j16 all 
arm-none-eabi-gcc "../Core/Src/main.c" -mcpu=cortex-m4 -std=gnu11 -g3 -DDEBUG -DUSE_HAL_DRIVER -DSTM32F446xx -c -I../Core/Inc -I../Drivers/STM32F4xx_HAL_Driver/Inc -I../Drivers/STM32F4xx_HAL_Driver/Inc/Legacy -I../Drivers/CMSIS/Device/ST/STM32F4xx/Include -I../Drivers/CMSIS/Include -O0 -ffunction-sections -fdata-sections -Wall -fstack-usage -fcyclomatic-complexity -MMD -MP -MF"Core/Src/main.d" -MT"Core/Src/main.o" --specs=nano.specs -mfpu=fpv4-sp-d16 -mfloat-abi=hard -mthumb -o "Core/Src/main.o"
arm-none-eabi-gcc "../Core/Src/stm32f4xx_it.c" -mcpu=cortex-m4 -std=gnu11 -g3 -DDEBUG -DUSE_HAL_DRIVER -DSTM32F446xx -c -I../Core/Inc -I../Drivers/STM32F4xx_HAL_Driver/Inc -I../Drivers/STM32F4xx_HAL_Driver/Inc/Legacy -I../Drivers/CMSIS/Device/ST/STM32F4xx/Include -I../Drivers/CMSIS/Include -O0 -ffunction-sections -fdata-sections -Wall -fstack-usage -fcyclomatic-complexity -MMD -MP -MF"Core/Src/stm32f4xx_it.d" -MT"Core/Src/stm32f4xx_it.o" --specs=nano.specs -mfpu=fpv4-sp-d16 -mfloat-abi=hard -mthumb -o "Core/Src/stm32f4xx_it.o"
arm-none-eabi-gcc "../Core/Src/syscalls.c" -mcpu=cortex-m4 -std=gnu11 -g3 -DDEBUG -DUSE_HAL_DRIVER -DSTM32F446xx -c -I../Core/Inc -I../Drivers/STM32F4xx_HAL_Driver/Inc -I../Drivers/STM32F4xx_HAL_Driver/Inc/Legacy -I../Drivers/CMSIS/Device/ST/STM32F4xx/Include -I../Drivers/CMSIS/Include -O0 -ffunction-sections -fdata-sections -Wall -fstack-usage -fcyclomatic-complexity -MMD -MP -MF"Core/Src/syscalls.d" -MT"Core/Src/syscalls.o" --specs=nano.specs -mfpu=fpv4-sp-d16 -mfloat-abi=hard -mthumb -o "Core/Src/syscalls.o"
arm-none-eabi-gcc "../Core/Src/sysmem.c" -mcpu=cortex-m4 -std=gnu11 -g3 -DDEBUG -DUSE_HAL_DRIVER -DSTM32F446xx -c -I../Core/Inc -I../Drivers/STM32F4xx_HAL_Driver/Inc -I../Drivers/STM32F4xx_HAL_Driver/Inc/Legacy -I../Drivers/CMSIS/Device/ST/STM32F4xx/Include -I../Drivers/CMSIS/Include -O0 -ffunction-sections -fdata-sections -Wall -fstack-usage -fcyclomatic-complexity -MMD -MP -MF"Core/Src/sysmem.d" -MT"Core/Src/sysmem.o" --specs=nano.specs -mfpu=fpv4-sp-d16 -mfloat-abi=hard -mthumb -o "Core/Src/sysmem.o"
arm-none-eabi-gcc "../Core/Src/system_stm32f4xx.c" -mcpu=cortex-m4 -std=gnu11 -g3 -DDEBUG -DUSE_HAL_DRIVER -DSTM32F446xx -c -I../Core/Inc -I../Drivers/STM32F4xx_HAL_Driver/Inc -I../Drivers/STM32F4xx_HAL_Driver/Inc/Legacy -I../Drivers/CMSIS/Device/ST/STM32F4xx/Include -I../Drivers/CMSIS/Include -O0 -ffunction-sections -fdata-sections -Wall -fstack-usage -fcyclomatic-complexity -MMD -MP -MF"Core/Src/system_stm32f4xx.d" -MT"Core/Src/system_stm32f4xx.o" --specs=nano.specs -mfpu=fpv4-sp-d16 -mfloat-abi=hard -mthumb -o "Core/Src/system_stm32f4xx.o"
../Core/Src/main.c: In function 'main':
../Core/Src/main.c:224:15: error: redefinition of 'version'
  224 |       uint8_t version = RFM98_Read(REG_VERSION);
      |               ^~~~~~~
../Core/Src/main.c:206:13: note: previous definition of 'version' with type 'uint8_t' {aka 'unsigned char'}
  206 |     uint8_t version = RFM98_Read(REG_VERSION);
      |             ^~~~~~~
../Core/Src/main.c:225:14: warning: variable 'a' set but not used [-Wunused-but-set-variable]
  225 |          int a = 0;
      |              ^
make: *** [Core/Src/subdir.mk:34: Core/Src/main.o] Error 1
make: *** Waiting for unfinished jobs....
"make -j16 all" terminated with exit code 2. Build might be incomplete.
01:26:04 **** Incremental Build of configuration Debug for project spiLora ****
make -j16 all 
arm-none-eabi-gcc "../Core/Src/main.c" -mcpu=cortex-m4 -std=gnu11 -g3 -DDEBUG -DUSE_HAL_DRIVER -DSTM32F446xx -c -I../Core/Inc -I../Drivers/STM32F4xx_HAL_Driver/Inc -I../Drivers/STM32F4xx_HAL_Driver/Inc/Legacy -I../Drivers/CMSIS/Device/ST/STM32F4xx/Include -I../Drivers/CMSIS/Include -O0 -ffunction-sections -fdata-sections -Wall -fstack-usage -fcyclomatic-complexity -MMD -MP -MF"Core/Src/main.d" -MT"Core/Src/main.o" --specs=nano.specs -mfpu=fpv4-sp-d16 -mfloat-abi=hard -mthumb -o "Core/Src/main.o"
../Core/Src/main.c: In function 'main':
../Core/Src/main.c:224:15: error: redefinition of 'version'
  224 |       uint8_t version = RFM98_Read(REG_VERSION);
      |               ^~~~~~~
../Core/Src/main.c:206:13: note: previous definition of 'version' with type 'uint8_t' {aka 'unsigned char'}
  206 |     uint8_t version = RFM98_Read(REG_VERSION);
      |             ^~~~~~~
../Core/Src/main.c:225:14: warning: variable 'a' set but not used [-Wunused-but-set-variable]
  225 |          int a = 0;
      |              ^
make: *** [Core/Src/subdir.mk:34: Core/Src/main.o] Error 1
"make -j16 all" terminated with exit code 2. Build might be incomplete.
01:26:10 **** Incremental Build of configuration Debug for project spiLora ****
make -j16 all 
arm-none-eabi-gcc "../Core/Src/main.c" -mcpu=cortex-m4 -std=gnu11 -g3 -DDEBUG -DUSE_HAL_DRIVER -DSTM32F446xx -c -I../Core/Inc -I../Drivers/STM32F4xx_HAL_Driver/Inc -I../Drivers/STM32F4xx_HAL_Driver/Inc/Legacy -I../Drivers/CMSIS/Device/ST/STM32F4xx/Include -I../Drivers/CMSIS/Include -O0 -ffunction-sections -fdata-sections -Wall -fstack-usage -fcyclomatic-complexity -MMD -MP -MF"Core/Src/main.d" -MT"Core/Src/main.o" --specs=nano.specs -mfpu=fpv4-sp-d16 -mfloat-abi=hard -mthumb -o "Core/Src/main.o"
../Core/Src/main.c: In function 'main':
../Core/Src/main.c:224:15: error: redefinition of 'version'
  224 |       uint8_t version = RFM98_Read(REG_VERSION);
      |               ^~~~~~~
../Core/Src/main.c:206:13: note: previous definition of 'version' with type 'uint8_t' {aka 'unsigned char'}
  206 |     uint8_t version = RFM98_Read(REG_VERSION);
      |             ^~~~~~~
../Core/Src/main.c:225:14: warning: variable 'a' set but not used [-Wunused-but-set-variable]
  225 |          int a = 0;
      |              ^
make: *** [Core/Src/subdir.mk:34: Core/Src/main.o] Error 1
"make -j16 all" terminated with exit code 2. Build might be incomplete.
01:27:16 **** Incremental Build of configuration Debug for project spiLora ****
make -j16 all 
arm-none-eabi-gcc "../Core/Src/main.c" -mcpu=cortex-m4 -std=gnu11 -g3 -DDEBUG -DUSE_HAL_DRIVER -DSTM32F446xx -c -I../Core/Inc -I../Drivers/STM32F4xx_HAL_Driver/Inc -I../Drivers/STM32F4xx_HAL_Driver/Inc/Legacy -I../Drivers/CMSIS/Device/ST/STM32F4xx/Include -I../Drivers/CMSIS/Include -O0 -ffunction-sections -fdata-sections -Wall -fstack-usage -fcyclomatic-complexity -MMD -MP -MF"Core/Src/main.d" -MT"Core/Src/main.o" --specs=nano.specs -mfpu=fpv4-sp-d16 -mfloat-abi=hard -mthumb -o "Core/Src/main.o"
../Core/Src/main.c: In function 'main':
../Core/Src/main.c:224:15: error: redefinition of 'version'
  224 |       uint8_t version = RFM98_Read(REG_VERSION);
      |               ^~~~~~~
../Core/Src/main.c:206:13: note: previous definition of 'version' with type 'uint8_t' {aka 'unsigned char'}
  206 |     uint8_t version = RFM98_Read(REG_VERSION);
      |             ^~~~~~~
../Core/Src/main.c:225:14: warning: variable 'a' set but not used [-Wunused-but-set-variable]
  225 |          int a = 0;
      |              ^
make: *** [Core/Src/subdir.mk:34: Core/Src/main.o] Error 1
"make -j16 all" terminated with exit code 2. Build might be incomplete.
01:31:47 **** Incremental Build of configuration Debug for project spiLora ****
make -j16 all 
arm-none-eabi-gcc "../Core/Src/main.c" -mcpu=cortex-m4 -std=gnu11 -g3 -DDEBUG -DUSE_HAL_DRIVER -DSTM32F446xx -c -I../Core/Inc -I../Drivers/STM32F4xx_HAL_Driver/Inc -I../Drivers/STM32F4xx_HAL_Driver/Inc/Legacy -I../Drivers/CMSIS/Device/ST/STM32F4xx/Include -I../Drivers/CMSIS/Include -O0 -ffunction-sections -fdata-sections -Wall -fstack-usage -fcyclomatic-complexity -MMD -MP -MF"Core/Src/main.d" -MT"Core/Src/main.o" --specs=nano.specs -mfpu=fpv4-sp-d16 -mfloat-abi=hard -mthumb -o "Core/Src/main.o"
../Core/Src/main.c: In function 'main':
../Core/Src/main.c:222:14: warning: variable 'a' set but not used [-Wunused-but-set-variable]
  222 |          int a = 0;
      |              ^
arm-none-eabi-gcc -o "spiLora.elf" @"objects.list"   -mcpu=cortex-m4 -T"C:\Users\nmkay\OneDrive\Masaüstü\kendikendime\spiLora\STM32F446RETX_FLASH.ld" --specs=nosys.specs -Wl,-Map="spiLora.map" -Wl,--gc-sections -static --specs=nano.specs -mfpu=fpv4-sp-d16 -mfloat-abi=hard -mthumb -Wl,--start-group -lc -lm -Wl,--end-group
Finished building target: spiLora.elf
 
arm-none-eabi-size  spiLora.elf 
arm-none-eabi-objdump -h -S spiLora.elf  > "spiLora.list"
   text	   data	    bss	    dec	    hex	filename
  10564	     12	   1660	  12236	   2fcc	spiLora.elf
Finished building: default.size.stdout
 
Finished building: spiLora.list
 
01:31:55 **** Incremental Build of configuration Debug for project spiLora ****
make -j16 all 
arm-none-eabi-size  spiLora.elf 
   text	   data	    bss	    dec	    hex	filename
  10564	     12	   1660	  12236	   2fcc	spiLora.elf
Finished building: default.size.stdout
 
01:32:14 **** Incremental Build of configuration Debug for project spiLora ****
make -j16 all 
arm-none-eabi-size  spiLora.elf 
   text	   data	    bss	    dec	    hex	filename
  10564	     12	   1660	  12236	   2fcc	spiLora.elf
Finished building: default.size.stdout
 
01:34:33 **** Incremental Build of configuration Debug for project spiLora ****
make -j16 all 
arm-none-eabi-size  spiLora.elf 
   text	   data	    bss	    dec	    hex	filename
  10564	     12	   1660	  12236	   2fcc	spiLora.elf
Finished building: default.size.stdout
 
01:34:59 **** Incremental Build of configuration Debug for project spiLora ****
make -j16 all 
arm-none-eabi-size  spiLora.elf 
   text	   data	    bss	    dec	    hex	filename
  10564	     12	   1660	  12236	   2fcc	spiLora.elf
Finished building: default.size.stdout
 
01:38:52 **** Incremental Build of configuration Debug for project spiLora ****
make -j16 all 
arm-none-eabi-size  spiLora.elf 
   text	   data	    bss	    dec	    hex	filename
  10564	     12	   1660	  12236	   2fcc	spiLora.elf
Finished building: default.size.stdout
 
01:40:10 **** Incremental Build of configuration Debug for project spiLora ****
make -j16 all 
arm-none-eabi-size  spiLora.elf 
   text	   data	    bss	    dec	    hex	filename
  10564	     12	   1660	  12236	   2fcc	spiLora.elf
Finished building: default.size.stdout
 
01:42:28 **** Incremental Build of configuration Debug for project spiLora ****
make -j16 all 
arm-none-eabi-gcc "../Core/Src/main.c" -mcpu=cortex-m4 -std=gnu11 -g3 -DDEBUG -DUSE_HAL_DRIVER -DSTM32F446xx -c -I../Core/Inc -I../Drivers/STM32F4xx_HAL_Driver/Inc -I../Drivers/STM32F4xx_HAL_Driver/Inc/Legacy -I../Drivers/CMSIS/Device/ST/STM32F4xx/Include -I../Drivers/CMSIS/Include -O0 -ffunction-sections -fdata-sections -Wall -fstack-usage -fcyclomatic-complexity -MMD -MP -MF"Core/Src/main.d" -MT"Core/Src/main.o" --specs=nano.specs -mfpu=fpv4-sp-d16 -mfloat-abi=hard -mthumb -o "Core/Src/main.o"
../Core/Src/main.c: In function 'main':
../Core/Src/main.c:222:14: warning: variable 'a' set but not used [-Wunused-but-set-variable]
  222 |          int a = 0;
      |              ^
arm-none-eabi-gcc -o "spiLora.elf" @"objects.list"   -mcpu=cortex-m4 -T"C:\Users\nmkay\OneDrive\Masaüstü\kendikendime\spiLora\STM32F446RETX_FLASH.ld" --specs=nosys.specs -Wl,-Map="spiLora.map" -Wl,--gc-sections -static --specs=nano.specs -mfpu=fpv4-sp-d16 -mfloat-abi=hard -mthumb -Wl,--start-group -lc -lm -Wl,--end-group
Finished building target: spiLora.elf
 
arm-none-eabi-size  spiLora.elf 
arm-none-eabi-objdump -h -S spiLora.elf  > "spiLora.list"
   text	   data	    bss	    dec	    hex	filename
  10564	     12	   1660	  12236	   2fcc	spiLora.elf
Finished building: default.size.stdout
 
Finished building: spiLora.list
 
01:47:40 **** Incremental Build of configuration Debug for project spiLora ****
make -j16 all 
arm-none-eabi-gcc "../Core/Src/main.c" -mcpu=cortex-m4 -std=gnu11 -g3 -DDEBUG -DUSE_HAL_DRIVER -DSTM32F446xx -c -I../Core/Inc -I../Drivers/STM32F4xx_HAL_Driver/Inc -I../Drivers/STM32F4xx_HAL_Driver/Inc/Legacy -I../Drivers/CMSIS/Device/ST/STM32F4xx/Include -I../Drivers/CMSIS/Include -O0 -ffunction-sections -fdata-sections -Wall -fstack-usage -fcyclomatic-complexity -MMD -MP -MF"Core/Src/main.d" -MT"Core/Src/main.o" --specs=nano.specs -mfpu=fpv4-sp-d16 -mfloat-abi=hard -mthumb -o "Core/Src/main.o"
arm-none-eabi-gcc -o "spiLora.elf" @"objects.list"   -mcpu=cortex-m4 -T"C:\Users\nmkay\OneDrive\Masaüstü\kendikendime\spiLora\STM32F446RETX_FLASH.ld" --specs=nosys.specs -Wl,-Map="spiLora.map" -Wl,--gc-sections -static --specs=nano.specs -mfpu=fpv4-sp-d16 -mfloat-abi=hard -mthumb -Wl,--start-group -lc -lm -Wl,--end-group
Finished building target: spiLora.elf
 
arm-none-eabi-size  spiLora.elf 
arm-none-eabi-objdump -h -S spiLora.elf  > "spiLora.list"
   text	   data	    bss	    dec	    hex	filename
  10552	     12	   1660	  12224	   2fc0	spiLora.elf
Finished building: default.size.stdout
 
Finished building: spiLora.list
 
01:48:18 **** Incremental Build of configuration Debug for project spiLora ****
make -j16 all 
arm-none-eabi-gcc "../Core/Src/main.c" -mcpu=cortex-m4 -std=gnu11 -g3 -DDEBUG -DUSE_HAL_DRIVER -DSTM32F446xx -c -I../Core/Inc -I../Drivers/STM32F4xx_HAL_Driver/Inc -I../Drivers/STM32F4xx_HAL_Driver/Inc/Legacy -I../Drivers/CMSIS/Device/ST/STM32F4xx/Include -I../Drivers/CMSIS/Include -O0 -ffunction-sections -fdata-sections -Wall -fstack-usage -fcyclomatic-complexity -MMD -MP -MF"Core/Src/main.d" -MT"Core/Src/main.o" --specs=nano.specs -mfpu=fpv4-sp-d16 -mfloat-abi=hard -mthumb -o "Core/Src/main.o"
arm-none-eabi-gcc -o "spiLora.elf" @"objects.list"   -mcpu=cortex-m4 -T"C:\Users\nmkay\OneDrive\Masaüstü\kendikendime\spiLora\STM32F446RETX_FLASH.ld" --specs=nosys.specs -Wl,-Map="spiLora.map" -Wl,--gc-sections -static --specs=nano.specs -mfpu=fpv4-sp-d16 -mfloat-abi=hard -mthumb -Wl,--start-group -lc -lm -Wl,--end-group
Finished building target: spiLora.elf
 
arm-none-eabi-size  spiLora.elf 
arm-none-eabi-objdump -h -S spiLora.elf  > "spiLora.list"
   text	   data	    bss	    dec	    hex	filename
  10552	     12	   1660	  12224	   2fc0	spiLora.elf
Finished building: default.size.stdout
 
Finished building: spiLora.list
 
02:08:20 **** Incremental Build of configuration Debug for project spiLora ****
make -j16 all 
arm-none-eabi-gcc "../Core/Src/main.c" -mcpu=cortex-m4 -std=gnu11 -g3 -DDEBUG -DUSE_HAL_DRIVER -DSTM32F446xx -c -I../Core/Inc -I../Drivers/STM32F4xx_HAL_Driver/Inc -I../Drivers/STM32F4xx_HAL_Driver/Inc/Legacy -I../Drivers/CMSIS/Device/ST/STM32F4xx/Include -I../Drivers/CMSIS/Include -O0 -ffunction-sections -fdata-sections -Wall -fstack-usage -fcyclomatic-complexity -MMD -MP -MF"Core/Src/main.d" -MT"Core/Src/main.o" --specs=nano.specs -mfpu=fpv4-sp-d16 -mfloat-abi=hard -mthumb -o "Core/Src/main.o"
../Core/Src/main.c: In function 'main':
../Core/Src/main.c:221:5: warning: variable 'a' set but not used [-Wunused-but-set-variable]
  221 | int a = 0;
      |     ^
arm-none-eabi-gcc -o "spiLora.elf" @"objects.list"   -mcpu=cortex-m4 -T"C:\Users\nmkay\OneDrive\Masaüstü\kendikendime\spiLora\STM32F446RETX_FLASH.ld" --specs=nosys.specs -Wl,-Map="spiLora.map" -Wl,--gc-sections -static --specs=nano.specs -mfpu=fpv4-sp-d16 -mfloat-abi=hard -mthumb -Wl,--start-group -lc -lm -Wl,--end-group
Finished building target: spiLora.elf
 
arm-none-eabi-size  spiLora.elf 
arm-none-eabi-objdump -h -S spiLora.elf  > "spiLora.list"
   text	   data	    bss	    dec	    hex	filename
  10564	     12	   1660	  12236	   2fcc	spiLora.elf
Finished building: default.size.stdout
 
Finished building: spiLora.list
 
02:08:47 **** Incremental Build of configuration Debug for project spiLora ****
make -j16 all 
arm-none-eabi-size  spiLora.elf 
   text	   data	    bss	    dec	    hex	filename
  10564	     12	   1660	  12236	   2fcc	spiLora.elf
Finished building: default.size.stdout
 
02:43:29 **** Incremental Build of configuration Debug for project spiLora ****
make -j16 all 
arm-none-eabi-size  spiLora.elf 
   text	   data	    bss	    dec	    hex	filename
  10564	     12	   1660	  12236	   2fcc	spiLora.elf
Finished building: default.size.stdout
 
02:55:50 **** Incremental Build of configuration Debug for project spiLora ****
make -j16 all 
arm-none-eabi-gcc "../Core/Src/main.c" -mcpu=cortex-m4 -std=gnu11 -g3 -DDEBUG -DUSE_HAL_DRIVER -DSTM32F446xx -c -I../Core/Inc -I../Drivers/STM32F4xx_HAL_Driver/Inc -I../Drivers/STM32F4xx_HAL_Driver/Inc/Legacy -I../Drivers/CMSIS/Device/ST/STM32F4xx/Include -I../Drivers/CMSIS/Include -O0 -ffunction-sections -fdata-sections -Wall -fstack-usage -fcyclomatic-complexity -MMD -MP -MF"Core/Src/main.d" -MT"Core/Src/main.o" --specs=nano.specs -mfpu=fpv4-sp-d16 -mfloat-abi=hard -mthumb -o "Core/Src/main.o"
../Core/Src/main.c: In function 'main':
../Core/Src/main.c:340:34: error: 'DEBUG_LED_GPIO_Port' undeclared (first use in this function)
  340 |               HAL_GPIO_TogglePin(DEBUG_LED_GPIO_Port, DEBUG_LED_Pin);
      |                                  ^~~~~~~~~~~~~~~~~~~
../Core/Src/main.c:340:34: note: each undeclared identifier is reported only once for each function it appears in
../Core/Src/main.c:340:55: error: 'DEBUG_LED_Pin' undeclared (first use in this function)
  340 |               HAL_GPIO_TogglePin(DEBUG_LED_GPIO_Port, DEBUG_LED_Pin);
      |                                                       ^~~~~~~~~~~~~
../Core/Src/main.c:406:13: error: invalid storage class for function 'MX_SPI1_Init'
  406 | static void MX_SPI1_Init(void)
      |             ^~~~~~~~~~~~
../Core/Src/main.c:444:13: error: invalid storage class for function 'MX_GPIO_Init'
  444 | static void MX_GPIO_Init(void)
      |             ^~~~~~~~~~~~
../Core/Src/main.c:501:1: error: expected declaration or statement at end of input
  501 | }
      | ^
../Core/Src/main.c:297:7: warning: variable 'a' set but not used [-Wunused-but-set-variable]
  297 |   int a = 0;
      |       ^
../Core/Src/main.c: At top level:
../Core/Src/main.c:51:13: warning: 'MX_GPIO_Init' used but never defined
   51 | static void MX_GPIO_Init(void);
      |             ^~~~~~~~~~~~
../Core/Src/main.c:52:13: warning: 'MX_SPI1_Init' used but never defined
   52 | static void MX_SPI1_Init(void);
      |             ^~~~~~~~~~~~
../Core/Src/main.c:492:6: warning: 'Error_Handler' defined but not used [-Wunused-function]
  492 | void Error_Handler(void)
      |      ^~~~~~~~~~~~~
../Core/Src/main.c:444:13: warning: 'MX_GPIO_Init' defined but not used [-Wunused-function]
  444 | static void MX_GPIO_Init(void)
      |             ^~~~~~~~~~~~
../Core/Src/main.c:406:13: warning: 'MX_SPI1_Init' defined but not used [-Wunused-function]
  406 | static void MX_SPI1_Init(void)
      |             ^~~~~~~~~~~~
../Core/Src/main.c:351:6: warning: 'SystemClock_Config' defined but not used [-Wunused-function]
  351 | void SystemClock_Config(void)
      |      ^~~~~~~~~~~~~~~~~~
make: *** [Core/Src/subdir.mk:34: Core/Src/main.o] Error 1
"make -j16 all" terminated with exit code 2. Build might be incomplete.
02:59:04 **** Incremental Build of configuration Debug for project spiLora ****
make -j16 all 
arm-none-eabi-gcc "../Core/Src/main.c" -mcpu=cortex-m4 -std=gnu11 -g3 -DDEBUG -DUSE_HAL_DRIVER -DSTM32F446xx -c -I../Core/Inc -I../Drivers/STM32F4xx_HAL_Driver/Inc -I../Drivers/STM32F4xx_HAL_Driver/Inc/Legacy -I../Drivers/CMSIS/Device/ST/STM32F4xx/Include -I../Drivers/CMSIS/Include -O0 -ffunction-sections -fdata-sections -Wall -fstack-usage -fcyclomatic-complexity -MMD -MP -MF"Core/Src/main.d" -MT"Core/Src/main.o" --specs=nano.specs -mfpu=fpv4-sp-d16 -mfloat-abi=hard -mthumb -o "Core/Src/main.o"
../Core/Src/main.c: In function 'main':
../Core/Src/main.c:297:7: warning: variable 'a' set but not used [-Wunused-but-set-variable]
  297 |   int a = 0;
      |       ^
arm-none-eabi-gcc -o "spiLora.elf" @"objects.list"   -mcpu=cortex-m4 -T"C:\Users\nmkay\OneDrive\Masaüstü\kendikendime\spiLora\STM32F446RETX_FLASH.ld" --specs=nosys.specs -Wl,-Map="spiLora.map" -Wl,--gc-sections -static --specs=nano.specs -mfpu=fpv4-sp-d16 -mfloat-abi=hard -mthumb -Wl,--start-group -lc -lm -Wl,--end-group
Finished building target: spiLora.elf
 
arm-none-eabi-size  spiLora.elf 
arm-none-eabi-objdump -h -S spiLora.elf  > "spiLora.list"
   text	   data	    bss	    dec	    hex	filename
  10924	     12	   1660	  12596	   3134	spiLora.elf
Finished building: default.size.stdout
 
Finished building: spiLora.list
 
03:00:13 **** Incremental Build of configuration Debug for project spiLora ****
make -j16 all 
arm-none-eabi-gcc "../Core/Src/main.c" -mcpu=cortex-m4 -std=gnu11 -g3 -DDEBUG -DUSE_HAL_DRIVER -DSTM32F446xx -c -I../Core/Inc -I../Drivers/STM32F4xx_HAL_Driver/Inc -I../Drivers/STM32F4xx_HAL_Driver/Inc/Legacy -I../Drivers/CMSIS/Device/ST/STM32F4xx/Include -I../Drivers/CMSIS/Include -O0 -ffunction-sections -fdata-sections -Wall -fstack-usage -fcyclomatic-complexity -MMD -MP -MF"Core/Src/main.d" -MT"Core/Src/main.o" --specs=nano.specs -mfpu=fpv4-sp-d16 -mfloat-abi=hard -mthumb -o "Core/Src/main.o"
../Core/Src/main.c: In function 'main':
../Core/Src/main.c:297:7: warning: variable 'a' set but not used [-Wunused-but-set-variable]
  297 |   int a = 0;
      |       ^
arm-none-eabi-gcc -o "spiLora.elf" @"objects.list"   -mcpu=cortex-m4 -T"C:\Users\nmkay\OneDrive\Masaüstü\kendikendime\spiLora\STM32F446RETX_FLASH.ld" --specs=nosys.specs -Wl,-Map="spiLora.map" -Wl,--gc-sections -static --specs=nano.specs -mfpu=fpv4-sp-d16 -mfloat-abi=hard -mthumb -Wl,--start-group -lc -lm -Wl,--end-group
Finished building target: spiLora.elf
 
arm-none-eabi-size  spiLora.elf 
arm-none-eabi-objdump -h -S spiLora.elf  > "spiLora.list"
   text	   data	    bss	    dec	    hex	filename
  10920	     12	   1660	  12592	   3130	spiLora.elf
Finished building: default.size.stdout
 
Finished building: spiLora.list
 
12:15:47 **** Build of configuration Debug for project spiLora ****
make -j16 all 
arm-none-eabi-gcc "../Core/Src/main.c" -mcpu=cortex-m4 -std=gnu11 -g3 -DDEBUG -DUSE_HAL_DRIVER -DSTM32F446xx -c -I../Core/Inc -I../Drivers/STM32F4xx_HAL_Driver/Inc -I../Drivers/STM32F4xx_HAL_Driver/Inc/Legacy -I../Drivers/CMSIS/Device/ST/STM32F4xx/Include -I../Drivers/CMSIS/Include -O0 -ffunction-sections -fdata-sections -Wall -fstack-usage -fcyclomatic-complexity -MMD -MP -MF"Core/Src/main.d" -MT"Core/Src/main.o" --specs=nano.specs -mfpu=fpv4-sp-d16 -mfloat-abi=hard -mthumb -o "Core/Src/main.o"
../Core/Src/main.c: In function 'HAL_GPIO_EXTI_Callback':
../Core/Src/main.c:262:21: error: 'LORA_DIO0_Pin' undeclared (first use in this function); did you mean 'LORA_NSS_Pin'?
  262 |     if (GPIO_Pin == LORA_DIO0_Pin)
      |                     ^~~~~~~~~~~~~
      |                     LORA_NSS_Pin
../Core/Src/main.c:262:21: note: each undeclared identifier is reported only once for each function it appears in
../Core/Src/main.c: In function 'LoRa_SendMessage':
../Core/Src/main.c:284:5: warning: 'main' is normally a non-static function [-Wmain]
  284 | int main(void)
      |     ^~~~
../Core/Src/main.c: In function 'main':
../Core/Src/main.c:447:13: error: invalid storage class for function 'MX_SPI1_Init'
  447 | static void MX_SPI1_Init(void)
      |             ^~~~~~~~~~~~
../Core/Src/main.c:485:13: error: invalid storage class for function 'MX_GPIO_Init'
  485 | static void MX_GPIO_Init(void)
      |             ^~~~~~~~~~~~
../Core/Src/main.c:542:1: error: expected declaration or statement at end of input
  542 | }
      | ^
../Core/Src/main.c:322:7: warning: variable 'a' set but not used [-Wunused-but-set-variable]
  322 |   int a = 0;
      |       ^
../Core/Src/main.c: In function 'LoRa_SendMessage':
../Core/Src/main.c:542:1: error: expected declaration or statement at end of input
  542 | }
      | ^
../Core/Src/main.c: At top level:
../Core/Src/main.c:51:13: warning: 'MX_GPIO_Init' used but never defined
   51 | static void MX_GPIO_Init(void);
      |             ^~~~~~~~~~~~
../Core/Src/main.c:52:13: warning: 'MX_SPI1_Init' used but never defined
   52 | static void MX_SPI1_Init(void);
      |             ^~~~~~~~~~~~
../Core/Src/main.c:533:6: warning: 'Error_Handler' defined but not used [-Wunused-function]
  533 | void Error_Handler(void)
      |      ^~~~~~~~~~~~~
../Core/Src/main.c:485:13: warning: 'MX_GPIO_Init' defined but not used [-Wunused-function]
  485 | static void MX_GPIO_Init(void)
      |             ^~~~~~~~~~~~
../Core/Src/main.c:447:13: warning: 'MX_SPI1_Init' defined but not used [-Wunused-function]
  447 | static void MX_SPI1_Init(void)
      |             ^~~~~~~~~~~~
../Core/Src/main.c:284:5: warning: 'main' defined but not used [-Wunused-function]
  284 | int main(void)
      |     ^~~~
../Core/Src/main.c:392:6: warning: 'SystemClock_Config' defined but not used [-Wunused-function]
  392 | void SystemClock_Config(void)
      |      ^~~~~~~~~~~~~~~~~~
../Core/Src/main.c:259:8: warning: 'HAL_GPIO_EXTI_Callback' defined but not used [-Wunused-function]
  259 |   void HAL_GPIO_EXTI_Callback(uint16_t GPIO_Pin)
      |        ^~~~~~~~~~~~~~~~~~~~~~
make: *** [Core/Src/subdir.mk:34: Core/Src/main.o] Error 1
"make -j16 all" terminated with exit code 2. Build might be incomplete.
12:21:07 **** Incremental Build of configuration Debug for project spiLora ****
make -j16 all 
arm-none-eabi-gcc "../Core/Src/main.c" -mcpu=cortex-m4 -std=gnu11 -g3 -DDEBUG -DUSE_HAL_DRIVER -DSTM32F446xx -c -I../Core/Inc -I../Drivers/STM32F4xx_HAL_Driver/Inc -I../Drivers/STM32F4xx_HAL_Driver/Inc/Legacy -I../Drivers/CMSIS/Device/ST/STM32F4xx/Include -I../Drivers/CMSIS/Include -O0 -ffunction-sections -fdata-sections -Wall -fstack-usage -fcyclomatic-complexity -MMD -MP -MF"Core/Src/main.d" -MT"Core/Src/main.o" --specs=nano.specs -mfpu=fpv4-sp-d16 -mfloat-abi=hard -mthumb -o "Core/Src/main.o"
arm-none-eabi-gcc "../Core/Src/stm32f4xx_hal_msp.c" -mcpu=cortex-m4 -std=gnu11 -g3 -DDEBUG -DUSE_HAL_DRIVER -DSTM32F446xx -c -I../Core/Inc -I../Drivers/STM32F4xx_HAL_Driver/Inc -I../Drivers/STM32F4xx_HAL_Driver/Inc/Legacy -I../Drivers/CMSIS/Device/ST/STM32F4xx/Include -I../Drivers/CMSIS/Include -O0 -ffunction-sections -fdata-sections -Wall -fstack-usage -fcyclomatic-complexity -MMD -MP -MF"Core/Src/stm32f4xx_hal_msp.d" -MT"Core/Src/stm32f4xx_hal_msp.o" --specs=nano.specs -mfpu=fpv4-sp-d16 -mfloat-abi=hard -mthumb -o "Core/Src/stm32f4xx_hal_msp.o"
arm-none-eabi-gcc "../Core/Src/stm32f4xx_it.c" -mcpu=cortex-m4 -std=gnu11 -g3 -DDEBUG -DUSE_HAL_DRIVER -DSTM32F446xx -c -I../Core/Inc -I../Drivers/STM32F4xx_HAL_Driver/Inc -I../Drivers/STM32F4xx_HAL_Driver/Inc/Legacy -I../Drivers/CMSIS/Device/ST/STM32F4xx/Include -I../Drivers/CMSIS/Include -O0 -ffunction-sections -fdata-sections -Wall -fstack-usage -fcyclomatic-complexity -MMD -MP -MF"Core/Src/stm32f4xx_it.d" -MT"Core/Src/stm32f4xx_it.o" --specs=nano.specs -mfpu=fpv4-sp-d16 -mfloat-abi=hard -mthumb -o "Core/Src/stm32f4xx_it.o"
../Core/Src/main.c: In function 'LoRa_SendMessage':
../Core/Src/main.c:284:5: warning: 'main' is normally a non-static function [-Wmain]
  284 | int main(void)
      |     ^~~~
../Core/Src/main.c: In function 'main':
../Core/Src/main.c:447:13: error: invalid storage class for function 'MX_SPI1_Init'
  447 | static void MX_SPI1_Init(void)
      |             ^~~~~~~~~~~~
../Core/Src/main.c:485:13: error: invalid storage class for function 'MX_GPIO_Init'
  485 | static void MX_GPIO_Init(void)
      |             ^~~~~~~~~~~~
../Core/Src/main.c:542:1: error: expected declaration or statement at end of input
  542 | }
      | ^
../Core/Src/main.c:322:7: warning: variable 'a' set but not used [-Wunused-but-set-variable]
  322 |   int a = 0;
      |       ^
../Core/Src/main.c: In function 'LoRa_SendMessage':
../Core/Src/main.c:542:1: error: expected declaration or statement at end of input
  542 | }
      | ^
../Core/Src/main.c: At top level:
../Core/Src/main.c:51:13: warning: 'MX_GPIO_Init' used but never defined
   51 | static void MX_GPIO_Init(void);
      |             ^~~~~~~~~~~~
../Core/Src/main.c:52:13: warning: 'MX_SPI1_Init' used but never defined
   52 | static void MX_SPI1_Init(void);
      |             ^~~~~~~~~~~~
../Core/Src/main.c:533:6: warning: 'Error_Handler' defined but not used [-Wunused-function]
  533 | void Error_Handler(void)
      |      ^~~~~~~~~~~~~
../Core/Src/main.c:485:13: warning: 'MX_GPIO_Init' defined but not used [-Wunused-function]
  485 | static void MX_GPIO_Init(void)
      |             ^~~~~~~~~~~~
../Core/Src/main.c:447:13: warning: 'MX_SPI1_Init' defined but not used [-Wunused-function]
  447 | static void MX_SPI1_Init(void)
      |             ^~~~~~~~~~~~
../Core/Src/main.c:284:5: warning: 'main' defined but not used [-Wunused-function]
  284 | int main(void)
      |     ^~~~
../Core/Src/main.c:392:6: warning: 'SystemClock_Config' defined but not used [-Wunused-function]
  392 | void SystemClock_Config(void)
      |      ^~~~~~~~~~~~~~~~~~
../Core/Src/main.c:259:8: warning: 'HAL_GPIO_EXTI_Callback' defined but not used [-Wunused-function]
  259 |   void HAL_GPIO_EXTI_Callback(uint16_t GPIO_Pin)
      |        ^~~~~~~~~~~~~~~~~~~~~~
make: *** [Core/Src/subdir.mk:34: Core/Src/main.o] Error 1
make: *** Waiting for unfinished jobs....
"make -j16 all" terminated with exit code 2. Build might be incomplete.
12:22:58 **** Incremental Build of configuration Debug for project spiLora ****
make -j16 all 
arm-none-eabi-gcc "../Core/Src/main.c" -mcpu=cortex-m4 -std=gnu11 -g3 -DDEBUG -DUSE_HAL_DRIVER -DSTM32F446xx -c -I../Core/Inc -I../Drivers/STM32F4xx_HAL_Driver/Inc -I../Drivers/STM32F4xx_HAL_Driver/Inc/Legacy -I../Drivers/CMSIS/Device/ST/STM32F4xx/Include -I../Drivers/CMSIS/Include -O0 -ffunction-sections -fdata-sections -Wall -fstack-usage -fcyclomatic-complexity -MMD -MP -MF"Core/Src/main.d" -MT"Core/Src/main.o" --specs=nano.specs -mfpu=fpv4-sp-d16 -mfloat-abi=hard -mthumb -o "Core/Src/main.o"
../Core/Src/main.c: In function 'LoRa_SendMessage':
../Core/Src/main.c:269:5: warning: 'main' is normally a non-static function [-Wmain]
  269 | int main(void)
      |     ^~~~
../Core/Src/main.c: In function 'main':
../Core/Src/main.c:432:13: error: invalid storage class for function 'MX_SPI1_Init'
  432 | static void MX_SPI1_Init(void)
      |             ^~~~~~~~~~~~
../Core/Src/main.c:470:13: error: invalid storage class for function 'MX_GPIO_Init'
  470 | static void MX_GPIO_Init(void)
      |             ^~~~~~~~~~~~
../Core/Src/main.c:548:1: error: expected declaration or statement at end of input
  548 | }
      | ^
../Core/Src/main.c:307:7: warning: variable 'a' set but not used [-Wunused-but-set-variable]
  307 |   int a = 0;
      |       ^
../Core/Src/main.c: In function 'LoRa_SendMessage':
../Core/Src/main.c:548:1: error: expected declaration or statement at end of input
  548 | }
      | ^
../Core/Src/main.c: At top level:
../Core/Src/main.c:51:13: warning: 'MX_GPIO_Init' used but never defined
   51 | static void MX_GPIO_Init(void);
      |             ^~~~~~~~~~~~
../Core/Src/main.c:52:13: warning: 'MX_SPI1_Init' used but never defined
   52 | static void MX_SPI1_Init(void);
      |             ^~~~~~~~~~~~
../Core/Src/main.c:539:6: warning: 'Error_Handler' defined but not used [-Wunused-function]
  539 | void Error_Handler(void)
      |      ^~~~~~~~~~~~~
../Core/Src/main.c:514:6: warning: 'HAL_GPIO_EXTI_Callback' defined but not used [-Wunused-function]
  514 | void HAL_GPIO_EXTI_Callback(uint16_t GPIO_Pin)
      |      ^~~~~~~~~~~~~~~~~~~~~~
../Core/Src/main.c:470:13: warning: 'MX_GPIO_Init' defined but not used [-Wunused-function]
  470 | static void MX_GPIO_Init(void)
      |             ^~~~~~~~~~~~
../Core/Src/main.c:432:13: warning: 'MX_SPI1_Init' defined but not used [-Wunused-function]
  432 | static void MX_SPI1_Init(void)
      |             ^~~~~~~~~~~~
../Core/Src/main.c:269:5: warning: 'main' defined but not used [-Wunused-function]
  269 | int main(void)
      |     ^~~~
../Core/Src/main.c:377:6: warning: 'SystemClock_Config' defined but not used [-Wunused-function]
  377 | void SystemClock_Config(void)
      |      ^~~~~~~~~~~~~~~~~~
make: *** [Core/Src/subdir.mk:34: Core/Src/main.o] Error 1
"make -j16 all" terminated with exit code 2. Build might be incomplete.
12:25:00 **** Incremental Build of configuration Debug for project spiLora ****
make -j16 all 
arm-none-eabi-gcc "../Core/Src/main.c" -mcpu=cortex-m4 -std=gnu11 -g3 -DDEBUG -DUSE_HAL_DRIVER -DSTM32F446xx -c -I../Core/Inc -I../Drivers/STM32F4xx_HAL_Driver/Inc -I../Drivers/STM32F4xx_HAL_Driver/Inc/Legacy -I../Drivers/CMSIS/Device/ST/STM32F4xx/Include -I../Drivers/CMSIS/Include -O0 -ffunction-sections -fdata-sections -Wall -fstack-usage -fcyclomatic-complexity -MMD -MP -MF"Core/Src/main.d" -MT"Core/Src/main.o" --specs=nano.specs -mfpu=fpv4-sp-d16 -mfloat-abi=hard -mthumb -o "Core/Src/main.o"
../Core/Src/main.c: In function 'main':
../Core/Src/main.c:432:13: error: invalid storage class for function 'MX_SPI1_Init'
  432 | static void MX_SPI1_Init(void)
      |             ^~~~~~~~~~~~
../Core/Src/main.c:470:13: error: invalid storage class for function 'MX_GPIO_Init'
  470 | static void MX_GPIO_Init(void)
      |             ^~~~~~~~~~~~
../Core/Src/main.c:548:1: error: expected declaration or statement at end of input
  548 | }
      | ^
../Core/Src/main.c:307:7: warning: variable 'a' set but not used [-Wunused-but-set-variable]
  307 |   int a = 0;
      |       ^
../Core/Src/main.c: At top level:
../Core/Src/main.c:51:13: warning: 'MX_GPIO_Init' used but never defined
   51 | static void MX_GPIO_Init(void);
      |             ^~~~~~~~~~~~
../Core/Src/main.c:52:13: warning: 'MX_SPI1_Init' used but never defined
   52 | static void MX_SPI1_Init(void);
      |             ^~~~~~~~~~~~
../Core/Src/main.c:539:6: warning: 'Error_Handler' defined but not used [-Wunused-function]
  539 | void Error_Handler(void)
      |      ^~~~~~~~~~~~~
../Core/Src/main.c:514:6: warning: 'HAL_GPIO_EXTI_Callback' defined but not used [-Wunused-function]
  514 | void HAL_GPIO_EXTI_Callback(uint16_t GPIO_Pin)
      |      ^~~~~~~~~~~~~~~~~~~~~~
../Core/Src/main.c:470:13: warning: 'MX_GPIO_Init' defined but not used [-Wunused-function]
  470 | static void MX_GPIO_Init(void)
      |             ^~~~~~~~~~~~
../Core/Src/main.c:432:13: warning: 'MX_SPI1_Init' defined but not used [-Wunused-function]
  432 | static void MX_SPI1_Init(void)
      |             ^~~~~~~~~~~~
../Core/Src/main.c:377:6: warning: 'SystemClock_Config' defined but not used [-Wunused-function]
  377 | void SystemClock_Config(void)
      |      ^~~~~~~~~~~~~~~~~~
make: *** [Core/Src/subdir.mk:34: Core/Src/main.o] Error 1
"make -j16 all" terminated with exit code 2. Build might be incomplete.
12:25:25 **** Incremental Build of configuration Debug for project spiLora ****
make -j16 all 
arm-none-eabi-gcc "../Core/Src/main.c" -mcpu=cortex-m4 -std=gnu11 -g3 -DDEBUG -DUSE_HAL_DRIVER -DSTM32F446xx -c -I../Core/Inc -I../Drivers/STM32F4xx_HAL_Driver/Inc -I../Drivers/STM32F4xx_HAL_Driver/Inc/Legacy -I../Drivers/CMSIS/Device/ST/STM32F4xx/Include -I../Drivers/CMSIS/Include -O0 -ffunction-sections -fdata-sections -Wall -fstack-usage -fcyclomatic-complexity -MMD -MP -MF"Core/Src/main.d" -MT"Core/Src/main.o" --specs=nano.specs -mfpu=fpv4-sp-d16 -mfloat-abi=hard -mthumb -o "Core/Src/main.o"
../Core/Src/main.c: In function 'main':
../Core/Src/main.c:432:13: error: invalid storage class for function 'MX_SPI1_Init'
  432 | static void MX_SPI1_Init(void)
      |             ^~~~~~~~~~~~
../Core/Src/main.c:470:13: error: invalid storage class for function 'MX_GPIO_Init'
  470 | static void MX_GPIO_Init(void)
      |             ^~~~~~~~~~~~
../Core/Src/main.c:548:1: error: expected declaration or statement at end of input
  548 | }
      | ^
../Core/Src/main.c:307:7: warning: variable 'a' set but not used [-Wunused-but-set-variable]
  307 |   int a = 0;
      |       ^
../Core/Src/main.c: At top level:
../Core/Src/main.c:51:13: warning: 'MX_GPIO_Init' used but never defined
   51 | static void MX_GPIO_Init(void);
      |             ^~~~~~~~~~~~
../Core/Src/main.c:52:13: warning: 'MX_SPI1_Init' used but never defined
   52 | static void MX_SPI1_Init(void);
      |             ^~~~~~~~~~~~
../Core/Src/main.c:539:6: warning: 'Error_Handler' defined but not used [-Wunused-function]
  539 | void Error_Handler(void)
      |      ^~~~~~~~~~~~~
../Core/Src/main.c:514:6: warning: 'HAL_GPIO_EXTI_Callback' defined but not used [-Wunused-function]
  514 | void HAL_GPIO_EXTI_Callback(uint16_t GPIO_Pin)
      |      ^~~~~~~~~~~~~~~~~~~~~~
../Core/Src/main.c:470:13: warning: 'MX_GPIO_Init' defined but not used [-Wunused-function]
  470 | static void MX_GPIO_Init(void)
      |             ^~~~~~~~~~~~
../Core/Src/main.c:432:13: warning: 'MX_SPI1_Init' defined but not used [-Wunused-function]
  432 | static void MX_SPI1_Init(void)
      |             ^~~~~~~~~~~~
../Core/Src/main.c:377:6: warning: 'SystemClock_Config' defined but not used [-Wunused-function]
  377 | void SystemClock_Config(void)
      |      ^~~~~~~~~~~~~~~~~~
make: *** [Core/Src/subdir.mk:34: Core/Src/main.o] Error 1
"make -j16 all" terminated with exit code 2. Build might be incomplete.
12:27:26 **** Incremental Build of configuration Debug for project spiLora ****
make -j16 all 
arm-none-eabi-gcc "../Core/Src/main.c" -mcpu=cortex-m4 -std=gnu11 -g3 -DDEBUG -DUSE_HAL_DRIVER -DSTM32F446xx -c -I../Core/Inc -I../Drivers/STM32F4xx_HAL_Driver/Inc -I../Drivers/STM32F4xx_HAL_Driver/Inc/Legacy -I../Drivers/CMSIS/Device/ST/STM32F4xx/Include -I../Drivers/CMSIS/Include -O0 -ffunction-sections -fdata-sections -Wall -fstack-usage -fcyclomatic-complexity -MMD -MP -MF"Core/Src/main.d" -MT"Core/Src/main.o" --specs=nano.specs -mfpu=fpv4-sp-d16 -mfloat-abi=hard -mthumb -o "Core/Src/main.o"
../Core/Src/main.c: In function 'main':
../Core/Src/main.c:307:7: warning: variable 'a' set but not used [-Wunused-but-set-variable]
  307 |   int a = 0;
      |       ^
arm-none-eabi-gcc -o "spiLora.elf" @"objects.list"   -mcpu=cortex-m4 -T"C:\Users\nmkay\OneDrive\Masaüstü\kendikendime\spiLora\STM32F446RETX_FLASH.ld" --specs=nosys.specs -Wl,-Map="spiLora.map" -Wl,--gc-sections -static --specs=nano.specs -mfpu=fpv4-sp-d16 -mfloat-abi=hard -mthumb -Wl,--start-group -lc -lm -Wl,--end-group
Finished building target: spiLora.elf
 
arm-none-eabi-size  spiLora.elf 
arm-none-eabi-objdump -h -S spiLora.elf  > "spiLora.list"
   text	   data	    bss	    dec	    hex	filename
  10952	     12	   1660	  12624	   3150	spiLora.elf
Finished building: default.size.stdout
 
Finished building: spiLora.list
 
12:28:11 **** Incremental Build of configuration Debug for project spiLora ****
make -j16 all 
arm-none-eabi-size  spiLora.elf 
   text	   data	    bss	    dec	    hex	filename
  10952	     12	   1660	  12624	   3150	spiLora.elf
Finished building: default.size.stdout
 
12:29:15 **** Incremental Build of configuration Debug for project spiLora ****
make -j16 all 
arm-none-eabi-size  spiLora.elf 
   text	   data	    bss	    dec	    hex	filename
  10952	     12	   1660	  12624	   3150	spiLora.elf
Finished building: default.size.stdout
 
12:30:46 **** Incremental Build of configuration Debug for project spiLora ****
make -j16 all 
arm-none-eabi-size  spiLora.elf 
   text	   data	    bss	    dec	    hex	filename
  10952	     12	   1660	  12624	   3150	spiLora.elf
Finished building: default.size.stdout
 
12:31:27 **** Incremental Build of configuration Debug for project spiLora ****
make -j16 all 
arm-none-eabi-size  spiLora.elf 
   text	   data	    bss	    dec	    hex	filename
  10952	     12	   1660	  12624	   3150	spiLora.elf
Finished building: default.size.stdout
 
12:32:37 **** Incremental Build of configuration Debug for project spiLora ****
make -j16 all 
arm-none-eabi-gcc "../Core/Src/main.c" -mcpu=cortex-m4 -std=gnu11 -g3 -DDEBUG -DUSE_HAL_DRIVER -DSTM32F446xx -c -I../Core/Inc -I../Drivers/STM32F4xx_HAL_Driver/Inc -I../Drivers/STM32F4xx_HAL_Driver/Inc/Legacy -I../Drivers/CMSIS/Device/ST/STM32F4xx/Include -I../Drivers/CMSIS/Include -O0 -ffunction-sections -fdata-sections -Wall -fstack-usage -fcyclomatic-complexity -MMD -MP -MF"Core/Src/main.d" -MT"Core/Src/main.o" --specs=nano.specs -mfpu=fpv4-sp-d16 -mfloat-abi=hard -mthumb -o "Core/Src/main.o"
arm-none-eabi-gcc -o "spiLora.elf" @"objects.list"   -mcpu=cortex-m4 -T"C:\Users\nmkay\OneDrive\Masaüstü\kendikendime\spiLora\STM32F446RETX_FLASH.ld" --specs=nosys.specs -Wl,-Map="spiLora.map" -Wl,--gc-sections -static --specs=nano.specs -mfpu=fpv4-sp-d16 -mfloat-abi=hard -mthumb -Wl,--start-group -lc -lm -Wl,--end-group
Finished building target: spiLora.elf
 
arm-none-eabi-size  spiLora.elf 
arm-none-eabi-objdump -h -S spiLora.elf  > "spiLora.list"
   text	   data	    bss	    dec	    hex	filename
  10960	     12	   1660	  12632	   3158	spiLora.elf
Finished building: default.size.stdout
 
Finished building: spiLora.list
 
12:36:37 **** Incremental Build of configuration Debug for project spiLora ****
make -j16 all 
arm-none-eabi-size  spiLora.elf 
   text	   data	    bss	    dec	    hex	filename
  10960	     12	   1660	  12632	   3158	spiLora.elf
Finished building: default.size.stdout
 
12:37:48 **** Incremental Build of configuration Debug for project spiLora ****
make -j16 all 
arm-none-eabi-size  spiLora.elf 
   text	   data	    bss	    dec	    hex	filename
  10960	     12	   1660	  12632	   3158	spiLora.elf
Finished building: default.size.stdout
 
12:55:45 **** Incremental Build of configuration Debug for project spiLora ****
make -j16 all 
arm-none-eabi-gcc "../Core/Src/main.c" -mcpu=cortex-m4 -std=gnu11 -g3 -DDEBUG -DUSE_HAL_DRIVER -DSTM32F446xx -c -I../Core/Inc -I../Drivers/STM32F4xx_HAL_Driver/Inc -I../Drivers/STM32F4xx_HAL_Driver/Inc/Legacy -I../Drivers/CMSIS/Device/ST/STM32F4xx/Include -I../Drivers/CMSIS/Include -O0 -ffunction-sections -fdata-sections -Wall -fstack-usage -fcyclomatic-complexity -MMD -MP -MF"Core/Src/main.d" -MT"Core/Src/main.o" --specs=nano.specs -mfpu=fpv4-sp-d16 -mfloat-abi=hard -mthumb -o "Core/Src/main.o"
../Core/Src/main.c: In function 'main':
../Core/Src/main.c:356:32: warning: pointer targets in passing argument 1 of 'LoRa_SendMessage' differ in signedness [-Wpointer-sign]
  356 |               LoRa_SendMessage(dizi);
      |                                ^~~~
      |                                |
      |                                uint8_t * {aka unsigned char *}
../Core/Src/main.c:222:35: note: expected 'const char *' but argument is of type 'uint8_t *' {aka 'unsigned char *'}
  222 | void LoRa_SendMessage(const char* message)
      |                       ~~~~~~~~~~~~^~~~~~~
arm-none-eabi-gcc -o "spiLora.elf" @"objects.list"   -mcpu=cortex-m4 -T"C:\Users\nmkay\OneDrive\Masaüstü\kendikendime\spiLora\STM32F446RETX_FLASH.ld" --specs=nosys.specs -Wl,-Map="spiLora.map" -Wl,--gc-sections -static --specs=nano.specs -mfpu=fpv4-sp-d16 -mfloat-abi=hard -mthumb -Wl,--start-group -lc -lm -Wl,--end-group
Finished building target: spiLora.elf
 
arm-none-eabi-size  spiLora.elf 
arm-none-eabi-objdump -h -S spiLora.elf  > "spiLora.list"
   text	   data	    bss	    dec	    hex	filename
  10944	     12	   1660	  12616	   3148	spiLora.elf
Finished building: default.size.stdout
 
Finished building: spiLora.list
 
12:57:05 **** Incremental Build of configuration Debug for project spiLora ****
make -j16 all 
arm-none-eabi-gcc "../Core/Src/main.c" -mcpu=cortex-m4 -std=gnu11 -g3 -DDEBUG -DUSE_HAL_DRIVER -DSTM32F446xx -c -I../Core/Inc -I../Drivers/STM32F4xx_HAL_Driver/Inc -I../Drivers/STM32F4xx_HAL_Driver/Inc/Legacy -I../Drivers/CMSIS/Device/ST/STM32F4xx/Include -I../Drivers/CMSIS/Include -O0 -ffunction-sections -fdata-sections -Wall -fstack-usage -fcyclomatic-complexity -MMD -MP -MF"Core/Src/main.d" -MT"Core/Src/main.o" --specs=nano.specs -mfpu=fpv4-sp-d16 -mfloat-abi=hard -mthumb -o "Core/Src/main.o"
../Core/Src/main.c: In function 'main':
../Core/Src/main.c:356:32: warning: pointer targets in passing argument 1 of 'LoRa_SendMessage' differ in signedness [-Wpointer-sign]
  356 |               LoRa_SendMessage(dizi);
      |                                ^~~~
      |                                |
      |                                uint8_t * {aka unsigned char *}
../Core/Src/main.c:222:35: note: expected 'const char *' but argument is of type 'uint8_t *' {aka 'unsigned char *'}
  222 | void LoRa_SendMessage(const char* message)
      |                       ~~~~~~~~~~~~^~~~~~~
arm-none-eabi-gcc -o "spiLora.elf" @"objects.list"   -mcpu=cortex-m4 -T"C:\Users\nmkay\OneDrive\Masaüstü\kendikendime\spiLora\STM32F446RETX_FLASH.ld" --specs=nosys.specs -Wl,-Map="spiLora.map" -Wl,--gc-sections -static --specs=nano.specs -mfpu=fpv4-sp-d16 -mfloat-abi=hard -mthumb -Wl,--start-group -lc -lm -Wl,--end-group
Finished building target: spiLora.elf
 
arm-none-eabi-size  spiLora.elf 
arm-none-eabi-objdump -h -S spiLora.elf  > "spiLora.list"
   text	   data	    bss	    dec	    hex	filename
  10944	     12	   1660	  12616	   3148	spiLora.elf
Finished building: default.size.stdout
 
Finished building: spiLora.list
 
12:57:56 **** Incremental Build of configuration Debug for project spiLora ****
make -j16 all 
arm-none-eabi-size  spiLora.elf 
   text	   data	    bss	    dec	    hex	filename
  10944	     12	   1660	  12616	   3148	spiLora.elf
Finished building: default.size.stdout
 
13:02:36 **** Incremental Build of configuration Debug for project spiLora ****
make -j16 all 
arm-none-eabi-gcc "../Core/Src/main.c" -mcpu=cortex-m4 -std=gnu11 -g3 -DDEBUG -DUSE_HAL_DRIVER -DSTM32F446xx -c -I../Core/Inc -I../Drivers/STM32F4xx_HAL_Driver/Inc -I../Drivers/STM32F4xx_HAL_Driver/Inc/Legacy -I../Drivers/CMSIS/Device/ST/STM32F4xx/Include -I../Drivers/CMSIS/Include -O0 -ffunction-sections -fdata-sections -Wall -fstack-usage -fcyclomatic-complexity -MMD -MP -MF"Core/Src/main.d" -MT"Core/Src/main.o" --specs=nano.specs -mfpu=fpv4-sp-d16 -mfloat-abi=hard -mthumb -o "Core/Src/main.o"
../Core/Src/main.c: In function 'main':
../Core/Src/main.c:356:32: warning: pointer targets in passing argument 1 of 'LoRa_SendMessage' differ in signedness [-Wpointer-sign]
  356 |               LoRa_SendMessage(dizi);
      |                                ^~~~
      |                                |
      |                                uint8_t * {aka unsigned char *}
../Core/Src/main.c:222:35: note: expected 'const char *' but argument is of type 'uint8_t *' {aka 'unsigned char *'}
  222 | void LoRa_SendMessage(const char* message)
      |                       ~~~~~~~~~~~~^~~~~~~
arm-none-eabi-gcc -o "spiLora.elf" @"objects.list"   -mcpu=cortex-m4 -T"C:\Users\nmkay\OneDrive\Masaüstü\kendikendime\spiLora\STM32F446RETX_FLASH.ld" --specs=nosys.specs -Wl,-Map="spiLora.map" -Wl,--gc-sections -static --specs=nano.specs -mfpu=fpv4-sp-d16 -mfloat-abi=hard -mthumb -Wl,--start-group -lc -lm -Wl,--end-group
Finished building target: spiLora.elf
 
arm-none-eabi-size  spiLora.elf 
arm-none-eabi-objdump -h -S spiLora.elf  > "spiLora.list"
   text	   data	    bss	    dec	    hex	filename
  10944	     12	   1660	  12616	   3148	spiLora.elf
Finished building: default.size.stdout
 
Finished building: spiLora.list
 
13:02:59 **** Incremental Build of configuration Debug for project spiLora ****
make -j16 all 
arm-none-eabi-size  spiLora.elf 
   text	   data	    bss	    dec	    hex	filename
  10944	     12	   1660	  12616	   3148	spiLora.elf
Finished building: default.size.stdout
 
13:27:18 **** Incremental Build of configuration Debug for project spiLora ****
make -j16 all 
arm-none-eabi-gcc "../Core/Src/main.c" -mcpu=cortex-m4 -std=gnu11 -g3 -DDEBUG -DUSE_HAL_DRIVER -DSTM32F446xx -c -I../Core/Inc -I../Drivers/STM32F4xx_HAL_Driver/Inc -I../Drivers/STM32F4xx_HAL_Driver/Inc/Legacy -I../Drivers/CMSIS/Device/ST/STM32F4xx/Include -I../Drivers/CMSIS/Include -O0 -ffunction-sections -fdata-sections -Wall -fstack-usage -fcyclomatic-complexity -MMD -MP -MF"Core/Src/main.d" -MT"Core/Src/main.o" --specs=nano.specs -mfpu=fpv4-sp-d16 -mfloat-abi=hard -mthumb -o "Core/Src/main.o"
../Core/Src/main.c: In function 'main':
../Core/Src/main.c:333:9: warning: unused variable 'dizi' [-Wunused-variable]
  333 | uint8_t dizi[4] = {1,2,3,4};
      |         ^~~~
arm-none-eabi-gcc -o "spiLora.elf" @"objects.list"   -mcpu=cortex-m4 -T"C:\Users\nmkay\OneDrive\Masaüstü\kendikendime\spiLora\STM32F446RETX_FLASH.ld" --specs=nosys.specs -Wl,-Map="spiLora.map" -Wl,--gc-sections -static --specs=nano.specs -mfpu=fpv4-sp-d16 -mfloat-abi=hard -mthumb -Wl,--start-group -lc -lm -Wl,--end-group
Finished building target: spiLora.elf
 
arm-none-eabi-size  spiLora.elf 
arm-none-eabi-objdump -h -S spiLora.elf  > "spiLora.list"
   text	   data	    bss	    dec	    hex	filename
  10940	     12	   1660	  12612	   3144	spiLora.elf
Finished building: default.size.stdout
 
Finished building: spiLora.list
 
13:27:56 **** Incremental Build of configuration Debug for project spiLora ****
make -j16 all 
arm-none-eabi-gcc "../Core/Src/main.c" -mcpu=cortex-m4 -std=gnu11 -g3 -DDEBUG -DUSE_HAL_DRIVER -DSTM32F446xx -c -I../Core/Inc -I../Drivers/STM32F4xx_HAL_Driver/Inc -I../Drivers/STM32F4xx_HAL_Driver/Inc/Legacy -I../Drivers/CMSIS/Device/ST/STM32F4xx/Include -I../Drivers/CMSIS/Include -O0 -ffunction-sections -fdata-sections -Wall -fstack-usage -fcyclomatic-complexity -MMD -MP -MF"Core/Src/main.d" -MT"Core/Src/main.o" --specs=nano.specs -mfpu=fpv4-sp-d16 -mfloat-abi=hard -mthumb -o "Core/Src/main.o"
../Core/Src/main.c: In function 'main':
../Core/Src/main.c:333:9: warning: unused variable 'dizi' [-Wunused-variable]
  333 | uint8_t dizi[4] = {1,2,3,4};
      |         ^~~~
arm-none-eabi-gcc -o "spiLora.elf" @"objects.list"   -mcpu=cortex-m4 -T"C:\Users\nmkay\OneDrive\Masaüstü\kendikendime\spiLora\STM32F446RETX_FLASH.ld" --specs=nosys.specs -Wl,-Map="spiLora.map" -Wl,--gc-sections -static --specs=nano.specs -mfpu=fpv4-sp-d16 -mfloat-abi=hard -mthumb -Wl,--start-group -lc -lm -Wl,--end-group
Finished building target: spiLora.elf
 
arm-none-eabi-size  spiLora.elf 
arm-none-eabi-objdump -h -S spiLora.elf  > "spiLora.list"
   text	   data	    bss	    dec	    hex	filename
  10936	     12	   1660	  12608	   3140	spiLora.elf
Finished building: default.size.stdout
 
Finished building: spiLora.list
 
13:28:27 **** Incremental Build of configuration Debug for project spiLora ****
make -j16 all 
arm-none-eabi-size  spiLora.elf 
   text	   data	    bss	    dec	    hex	filename
  10936	     12	   1660	  12608	   3140	spiLora.elf
Finished building: default.size.stdout
 
13:36:25 **** Incremental Build of configuration Debug for project spiLora ****
make -j16 all 
arm-none-eabi-gcc "../Core/Src/main.c" -mcpu=cortex-m4 -std=gnu11 -g3 -DDEBUG -DUSE_HAL_DRIVER -DSTM32F446xx -c -I../Core/Inc -I../Drivers/STM32F4xx_HAL_Driver/Inc -I../Drivers/STM32F4xx_HAL_Driver/Inc/Legacy -I../Drivers/CMSIS/Device/ST/STM32F4xx/Include -I../Drivers/CMSIS/Include -O0 -ffunction-sections -fdata-sections -Wall -fstack-usage -fcyclomatic-complexity -MMD -MP -MF"Core/Src/main.d" -MT"Core/Src/main.o" --specs=nano.specs -mfpu=fpv4-sp-d16 -mfloat-abi=hard -mthumb -o "Core/Src/main.o"
../Core/Src/main.c: In function 'main':
../Core/Src/main.c:356:32: warning: pointer targets in passing argument 1 of 'LoRa_SendMessage' differ in signedness [-Wpointer-sign]
  356 |               LoRa_SendMessage(dizi);
      |                                ^~~~
      |                                |
      |                                uint8_t * {aka unsigned char *}
../Core/Src/main.c:222:35: note: expected 'const char *' but argument is of type 'uint8_t *' {aka 'unsigned char *'}
  222 | void LoRa_SendMessage(const char* message)
      |                       ~~~~~~~~~~~~^~~~~~~
arm-none-eabi-gcc -o "spiLora.elf" @"objects.list"   -mcpu=cortex-m4 -T"C:\Users\nmkay\OneDrive\Masaüstü\kendikendime\spiLora\STM32F446RETX_FLASH.ld" --specs=nosys.specs -Wl,-Map="spiLora.map" -Wl,--gc-sections -static --specs=nano.specs -mfpu=fpv4-sp-d16 -mfloat-abi=hard -mthumb -Wl,--start-group -lc -lm -Wl,--end-group
Finished building target: spiLora.elf
 
arm-none-eabi-size  spiLora.elf 
arm-none-eabi-objdump -h -S spiLora.elf  > "spiLora.list"
   text	   data	    bss	    dec	    hex	filename
  10944	     12	   1660	  12616	   3148	spiLora.elf
Finished building: default.size.stdout
 
Finished building: spiLora.list
 
