../Core/Src/main.c:142:6:RFM98_Reset	8	static
../Core/Src/main.c:153:6:RFM98_Write	24	static
../Core/Src/main.c:179:9:RFM98_Read	24	static
../Core/Src/main.c:211:9:LoRa_Init	8	static
../Core/Src/main.c:270:6:LoRa_SendMessage	32	static
../Core/Src/main.c:328:5:main	80	static
../Core/Src/main.c:445:6:SystemClock_Config	88	static
../Core/Src/main.c:500:13:MX_SPI1_Init	8	static
../Core/Src/main.c:538:13:MX_GPIO_Init	40	static
../Core/Src/main.c:582:6:HAL_GPIO_EXTI_Callback	16	static
../Core/Src/main.c:607:6:Error_Handler	4	static,ignoring_inline_asm
